{
  "connection": {
    "host": "localhost",
    "port": 5432,
    "dbname": "tests",
    "user": "postgres",
    "password": "postgres"
  },
  "table": "test.accesscount_access_lastdata",
  "conditions": [
    {
      "timeinstant" : "2025-06-26T13:00:00.000Z",
      "numberofincoming" : 2.0,
      "numberofoutgoing" : 2.0,
      "status" : "abierto",
      "averagestay" : 2,
      "entityid" : "NPO-101",
      "entitytype" : "Access",
      "fiwareservicepath" : "\/accesscount"
    },
    {
      "timeinstant" : "2025-06-26T14:00:00.000Z",
      "numberofincoming" : 1.0,
      "numberofoutgoing" : 1.0,
      "status" : "abierto",
      "averagestay" : 1,
      "entityid" : "NPO-102",
      "entitytype" : "Access",
      "fiwareservicepath" : "\/accesscount"
    }]
}