{
    "connection": {
      "host": "localhost",
      "port": 5432,
      "dbname": "tests",
      "user": "postgres",
      "password": "postgres"
    },
    "table": "tests.accesscount_access",
    "conditions": [
      {
        "entityid": "NPO-101",
        "timeinstant": "2025-05-05 11:35:00+00",
        "numberofincoming": 67,
        "numberofoutgoing": 45,
        "status": "abierto",
        "averagestay": 15,
        "entitytype": "Access",
        "fiwareservicepath": "/accesscount"
      }
    ]
  }
  