{
  "connection": {
    "host": "localhost",
    "port": 5432,
    "dbname": "test",
    "user": "postgres",
    "password": "postgres"
  },
  "table": "test.tourismvf_touristdestinationvf_mutable",
  "conditions": [
    {
      "entityid": "VF_44046_NA",
      "timeinstant": "2025-06-03T02:00:00Z",
      "day": "31",
      "year": 2023,
      "month": 12,
      "period": "daily",
      "municipalitydestiny": "X",
      "municipalitydestinyid": "04013",
      "numberofrow": 44046,
      "origintype": "international",
      "origin": "NA",
      "originid": "NA",
      "origincategory": "NA",
      "destiny": "0401307037",
      "destinyid": "0401307037",
      "destinycategory": "1",
      "timesection": "Evening",
      "visitortype": "tourist",
      "age": "NA",
      "gender": "NA",
      "purchasingpower": "NA",
      "worker": "NA",
      "overnights": "NA",
      "visitors": 238,
      "source": "VF",
      "municipality": "NA",
      "entitytype": "TouristDestinationVF",
      "fiwareservicepath": "/tourismvf"
    },
    {
      "entityid": "VF_44047_NA",
      "timeinstant": "2025-06-03T02:00:00Z",
      "day": "31",
      "year": 2023,
      "month": 12,
      "period": "daily",
      "municipalitydestiny": "X",
      "municipalitydestinyid": "04013",
      "numberofrow": 44047,
      "origintype": "regional",
      "origin": "NA",
      "originid": "NA",
      "origincategory": "NA",
      "destiny": "0401307037",
      "destinyid": "0401307037",
      "destinycategory": "1",
      "timesection": "Evening",
      "visitortype": "tourist",
      "age": "NA",
      "gender": "NA",
      "purchasingpower": "NA",
      "worker": "NA",
      "overnights": "NA",
      "visitors": 623,
      "source": "VF",
      "municipality": "NA",
      "entitytype": "TouristDestinationVF",
      "fiwareservicepath": "/tourismvf"
    }
  ]
}
