{
  "connection": {
    "host": "localhost",
    "port": 5432,
    "dbname": "alcobendas",
    "user": "postgres",
    "password": "postgres"
  },
  "table": "alcobendas.routes_stop_lastdata",
  "conditions": [
    {
		"timeinstant" : "2020-03-27T07:45:00.000Z",
		"location" : "POINT (-3.639408946 40.54106925)",
		"name" : "Parada 64",
		"category" : "Pública",
		"subcategory" : "Urbana",
		"enabled" : true,
		"status" : "publidada",
		"linearrivaltime" : "{\"1:22023\":[{\"tripId\":\"1:000003900002202300001011\",\"absoluteArrivalTime\":\"2024-03-21T11:08:00Z\",\"relativeArrivalTime\":1911,\"destination\":\"Cabo De Palos\",\"direction\":\"direct\"},{\"tripId\":\"1:000003900002202300001013\",\"absoluteArrivalTime\":\"2024-03-21T11:53:00Z\",\"relativeArrivalTime\":4611,\"destination\":\"Cabo De Palos\",\"direction\":\"direct\"}]}",
		"address" : "Avenida Primero de Mayo, nº 57, Puerto del Rosario",
		"entityid" : "STOP-001",
		"entitytype" : "Stop",
		"recvtime" : "2024-06-13T09:50:18.700Z",
		"fiwareservicepath" : "\/routes",
		"streetaddress" : "Carretera CL 615, km. 55"
	},
	{
		"timeinstant" : "2024-06-13T10:10:02.000Z",
		"location" : "POINT (-0.71911475 37.65232372)",
		"name" : "Nuevas Sirenas -Cart",
		"linearrivaltime" : "{\"1:22023\":[{\"tripId\":\"1:000003900002202300001012\",\"absoluteArrivalTime\":\"2024-06-13T10:23:00Z\",\"relativeArrivalTime\":837,\"destination\":\"Veneziola -Cart\",\"direction\":\"inverse\"},{\"tripId\":\"1:000003900002202300001014\",\"absoluteArrivalTime\":\"2024-06-13T11:08:00Z\",\"relativeArrivalTime\":3537,\"destination\":\"Veneziola -Cart\",\"direction\":\"inverse\"},{\"tripId\":\"1:000003900002202300001040\",\"absoluteArrivalTime\":\"2024-06-13T11:53:00Z\",\"relativeArrivalTime\":6237,\"destination\":\"Veneziola -Cart\",\"direction\":\"inverse\"},{\"tripId\":\"1:000003900002202300001017\",\"absoluteArrivalTime\":\"2024-06-13T12:38:00Z\",\"relativeArrivalTime\":8937,\"destination\":\"Veneziola -Cart\",\"direction\":\"inverse\"},{\"tripId\":\"1:000003900002202300001018\",\"absoluteArrivalTime\":\"2024-06-13T13:23:00Z\",\"relativeArrivalTime\":11637,\"destination\":\"Veneziola -Cart\",\"direction\":\"inverse\"}]}",
		"zip" : "30380",
		"zone" : "La Manga del Mar Menor",
		"district" : "La Manga del Mar Menor",
		"municipality" : "La Manga del Mar Menor",
		"province" : "Murcia",
		"region" : "Region de Murcia",
		"community" : "Region de Murcia",
		"country" : "spain",
		"entityid" : "1:0000447500000001",
		"entitytype" : "Stop",
		"recvtime" : "2024-06-13T10:17:38.442Z",
		"fiwareservicepath" : "\/routes"
	},
	{
		"timeinstant" : "2024-06-13T10:10:02.000Z",
		"location" : "POINT (-0.72116536 37.65723111)",
		"name" : "Cavanna Plaza-Cart",
		"linearrivaltime" : "{\"1:22023\":[{\"tripId\":\"1:000003900002202300001012\",\"absoluteArrivalTime\":\"2024-06-13T10:25:00Z\",\"relativeArrivalTime\":957,\"destination\":\"Veneziola -Cart\",\"direction\":\"inverse\"},{\"tripId\":\"1:000003900002202300001014\",\"absoluteArrivalTime\":\"2024-06-13T11:10:00Z\",\"relativeArrivalTime\":3657,\"destination\":\"Veneziola -Cart\",\"direction\":\"inverse\"},{\"tripId\":\"1:000003900002202300001040\",\"absoluteArrivalTime\":\"2024-06-13T11:55:00Z\",\"relativeArrivalTime\":6357,\"destination\":\"Veneziola -Cart\",\"direction\":\"inverse\"},{\"tripId\":\"1:000003900002202300001017\",\"absoluteArrivalTime\":\"2024-06-13T12:40:00Z\",\"relativeArrivalTime\":9057,\"destination\":\"Veneziola -Cart\",\"direction\":\"inverse\"},{\"tripId\":\"1:000003900002202300001018\",\"absoluteArrivalTime\":\"2024-06-13T13:25:00Z\",\"relativeArrivalTime\":11757,\"destination\":\"Veneziola -Cart\",\"direction\":\"inverse\"}]}",
		"zip" : "30380",
		"zone" : "La Manga del Mar Menor",
		"district" : "La Manga del Mar Menor",
		"municipality" : "La Manga del Mar Menor",
		"province" : "Murcia",
		"region" : "Region de Murcia",
		"community" : "Region de Murcia",
		"country" : "spain",
		"entityid" : "1:0000447700000001",
		"entitytype" : "Stop",
		"recvtime" : "2024-06-13T10:17:38.472Z",
		"fiwareservicepath" : "\/routes"
	},
	{
		"timeinstant" : "2024-06-13T10:10:02.000Z",
		"location" : "POINT (-0.72478359 37.66338868)",
		"name" : "Plaza de Bohemia -Cart",
		"linearrivaltime" : "{\"1:22023\":[{\"tripId\":\"1:000003900002202300001012\",\"absoluteArrivalTime\":\"2024-06-13T10:27:00Z\",\"relativeArrivalTime\":1077,\"destination\":\"Veneziola -Cart\",\"direction\":\"inverse\"},{\"tripId\":\"1:000003900002202300001014\",\"absoluteArrivalTime\":\"2024-06-13T11:12:00Z\",\"relativeArrivalTime\":3777,\"destination\":\"Veneziola -Cart\",\"direction\":\"inverse\"},{\"tripId\":\"1:000003900002202300001040\",\"absoluteArrivalTime\":\"2024-06-13T11:57:00Z\",\"relativeArrivalTime\":6477,\"destination\":\"Veneziola -Cart\",\"direction\":\"inverse\"},{\"tripId\":\"1:000003900002202300001017\",\"absoluteArrivalTime\":\"2024-06-13T12:42:00Z\",\"relativeArrivalTime\":9177,\"destination\":\"Veneziola -Cart\",\"direction\":\"inverse\"},{\"tripId\":\"1:000003900002202300001018\",\"absoluteArrivalTime\":\"2024-06-13T13:27:00Z\",\"relativeArrivalTime\":11877,\"destination\":\"Veneziola -Cart\",\"direction\":\"inverse\"}]}",
		"zip" : "30380",
		"zone" : "La Manga del Mar Menor",
		"district" : "La Manga del Mar Menor",
		"municipality" : "La Manga del Mar Menor",
		"province" : "Murcia",
		"region" : "Region de Murcia",
		"community" : "Region de Murcia",
		"country" : "spain",
		"entityid" : "1:0000449300000001",
		"entitytype" : "Stop",
		"recvtime" : "2024-06-13T10:17:38.465Z",
		"fiwareservicepath" : "\/routes"
	}]
}